127.0.0.1 - - [12/Apr/2023:14:22:27 +0900] "GET / HTTP/1.1" 404 807
0:0:0:0:0:0:0:1 - - [12/Apr/2023:14:22:46 +0900] "GET /StudyJSP/jsp09_dbcp/DbcpInsertForm HTTP/1.1" 404 849
0:0:0:0:0:0:0:1 - - [12/Apr/2023:14:22:46 +0900] "GET /favicon.ico HTTP/1.1" 404 818
0:0:0:0:0:0:0:1 - - [12/Apr/2023:14:23:36 +0900] "GET /StudyJSP/jsp09_dbcp/DbcpInsertForm HTTP/1.1" 404 849
0:0:0:0:0:0:0:1 - - [12/Apr/2023:14:23:36 +0900] "GET /StudyJSP/jsp09_dbcp/DbcpInsertForm HTTP/1.1" 404 849
127.0.0.1 - - [12/Apr/2023:14:23:41 +0900] "GET / HTTP/1.1" 404 807
0:0:0:0:0:0:0:1 - - [12/Apr/2023:14:23:45 +0900] "GET /StudyJSP/jsp09_dbcp/DbcpInsertForm HTTP/1.1" 200 363
0:0:0:0:0:0:0:1 - - [12/Apr/2023:14:23:51 +0900] "POST /StudyJSP/jsp09_dbcp/Dbcp_InsertPro HTTP/1.1" 404 849
0:0:0:0:0:0:0:1 - - [12/Apr/2023:14:24:26 +0900] "GET /StudyJSP/jsp09_dbcp/DbcpInsertForm HTTP/1.1" 200 362
0:0:0:0:0:0:0:1 - - [12/Apr/2023:14:24:28 +0900] "POST /StudyJSP/jsp09_dbcp/DbcpInsertPro HTTP/1.1" 200 -
0:0:0:0:0:0:0:1 - - [12/Apr/2023:14:24:42 +0900] "GET /StudyJSP/jsp09_dbcp/main.jsp HTTP/1.1" 200 311
0:0:0:0:0:0:0:1 - - [12/Apr/2023:14:24:50 +0900] "GET /StudyJSP/jsp09_dbcp/main.jsp HTTP/1.1" 200 309
0:0:0:0:0:0:0:1 - - [12/Apr/2023:14:24:50 +0900] "GET /StudyJSP/jsp09_dbcp/main.jsp HTTP/1.1" 200 309
0:0:0:0:0:0:0:1 - - [12/Apr/2023:14:24:51 +0900] "GET /StudyJSP/jsp09_dbcp/main.jsp HTTP/1.1" 200 309
0:0:0:0:0:0:0:1 - - [12/Apr/2023:14:24:51 +0900] "GET /StudyJSP/jsp09_dbcp/DbcpInsertForm HTTP/1.1" 200 362
0:0:0:0:0:0:0:1 - - [12/Apr/2023:14:24:53 +0900] "GET /StudyJSP/jsp09_dbcp/DbcpSelect HTTP/1.1" 200 -
0:0:0:0:0:0:0:1 - - [12/Apr/2023:14:25:03 +0900] "GET /StudyJSP/jsp09_dbcp/DbcpInsertForm HTTP/1.1" 200 362
127.0.0.1 - - [12/Apr/2023:15:16:52 +0900] "GET / HTTP/1.1" 404 807
0:0:0:0:0:0:0:1 - - [12/Apr/2023:15:17:01 +0900] "POST /StudyJSP/jsp09_dbcp/DbcpInsertPro HTTP/1.1" 200 -
0:0:0:0:0:0:0:1 - - [12/Apr/2023:15:17:18 +0900] "POST /StudyJSP/jsp09_dbcp/DbcpInsertPro HTTP/1.1" 200 -
0:0:0:0:0:0:0:1 - - [12/Apr/2023:15:17:52 +0900] "POST /StudyJSP/jsp09_dbcp/DbcpInsertPro HTTP/1.1" 200 -
0:0:0:0:0:0:0:1 - - [12/Apr/2023:15:17:59 +0900] "POST /StudyJSP/jsp09_dbcp/DbcpInsertPro HTTP/1.1" 200 -
0:0:0:0:0:0:0:1 - - [12/Apr/2023:15:18:05 +0900] "POST /StudyJSP/jsp09_dbcp/DbcpInsertPro HTTP/1.1" 200 -
0:0:0:0:0:0:0:1 - - [12/Apr/2023:15:20:18 +0900] "POST /StudyJSP/jsp09_dbcp/DbcpInsertPro HTTP/1.1" 200 -
127.0.0.1 - - [12/Apr/2023:15:22:35 +0900] "GET / HTTP/1.1" 404 807
0:0:0:0:0:0:0:1 - - [12/Apr/2023:15:22:39 +0900] "POST /StudyJSP/jsp09_dbcp/DbcpInsertPro HTTP/1.1" 200 -
0:0:0:0:0:0:0:1 - - [12/Apr/2023:15:22:43 +0900] "POST /StudyJSP/jsp09_dbcp/DbcpInsertPro HTTP/1.1" 200 -
192.168.5.21 - - [12/Apr/2023:15:23:19 +0900] "GET /StudyJSP/jsp09_dbcp/Dbcp_InsertPro HTTP/1.1" 404 849
192.168.5.21 - - [12/Apr/2023:15:23:19 +0900] "GET /favicon.ico HTTP/1.1" 404 818
192.168.5.2 - - [12/Apr/2023:15:23:23 +0900] "GET /studyJSP/jsp09_dbcp/DbcpInsertPro HTTP/1.1" 404 848
192.168.5.2 - - [12/Apr/2023:15:23:23 +0900] "GET /favicon.ico HTTP/1.1" 404 818
192.168.5.4 - - [12/Apr/2023:15:23:23 +0900] "GET /StudyJSP/jsp09_dbcp/DbcpInsertPro HTTP/1.1" 405 825
192.168.5.4 - - [12/Apr/2023:15:23:23 +0900] "GET /favicon.ico HTTP/1.1" 404 818
192.168.5.3 - - [12/Apr/2023:15:23:24 +0900] "GET /StudyJSP/jsp09_dbcp/DbcpInsertPro HTTP/1.1" 405 825
192.168.5.3 - - [12/Apr/2023:15:23:24 +0900] "GET /favicon.ico HTTP/1.1" 404 818
192.168.5.21 - - [12/Apr/2023:15:23:26 +0900] "GET /StudyJSP/jsp09_dbcp/DbcpInsertPro HTTP/1.1" 405 825
192.168.5.19 - - [12/Apr/2023:15:23:26 +0900] "GET /StudyJSP/jsp09_dbcp/Dbcp_InsertPro HTTP/1.1" 404 849
192.168.5.19 - - [12/Apr/2023:15:23:26 +0900] "GET /favicon.ico HTTP/1.1" 404 818
192.168.5.7 - - [12/Apr/2023:15:23:29 +0900] "GET /StudyJSP/jsp09_dbcp/DbcpInsertPro HTTP/1.1" 405 825
192.168.5.7 - - [12/Apr/2023:15:23:29 +0900] "GET /favicon.ico HTTP/1.1" 404 818
192.168.5.6 - - [12/Apr/2023:15:23:30 +0900] "GET /StudyJSP/jsp09_dbcp/DbcpInsertPro HTTP/1.1" 405 825
192.168.5.6 - - [12/Apr/2023:15:23:30 +0900] "GET /favicon.ico HTTP/1.1" 404 818
192.168.5.35 - - [12/Apr/2023:15:23:30 +0900] "GET /StudyJSP/jsp09_dbcp/Dbcp_InsertPro HTTP/1.1" 404 849
192.168.5.35 - - [12/Apr/2023:15:23:30 +0900] "GET /favicon.ico HTTP/1.1" 404 818
192.168.5.10 - - [12/Apr/2023:15:23:30 +0900] "GET /StudyJSP/jsp09_dbcp/DbcpInsertPro HTTP/1.1" 405 825
192.168.5.21 - - [12/Apr/2023:15:23:30 +0900] "GET /StudyJSP/jsp09_dbcp/main HTTP/1.1" 404 839
192.168.5.10 - - [12/Apr/2023:15:23:30 +0900] "GET /favicon.ico HTTP/1.1" 404 818
192.168.5.9 - - [12/Apr/2023:15:23:31 +0900] "GET /StudyJSP/jsp09_dbcp/main.jsp HTTP/1.1" 200 309
192.168.5.9 - - [12/Apr/2023:15:23:31 +0900] "GET /favicon.ico HTTP/1.1" 404 818
192.168.5.12 - - [12/Apr/2023:15:23:34 +0900] "GET /studyJSP/jsp09_dbcp/DbcpInsertPro HTTP/1.1" 404 848
192.168.5.12 - - [12/Apr/2023:15:23:34 +0900] "GET /favicon.ico HTTP/1.1" 404 818
192.168.5.16 - - [12/Apr/2023:15:23:35 +0900] "GET /StudyJSP/jsp09_dbcp/DbcpInsertPro HTTP/1.1" 405 825
192.168.5.16 - - [12/Apr/2023:15:23:35 +0900] "GET /favicon.ico HTTP/1.1" 404 818
192.168.5.9 - - [12/Apr/2023:15:23:37 +0900] "GET /StudyJSP/jsp09_dbcp/DbcpInsertForm HTTP/1.1" 200 362
192.168.5.14 - - [12/Apr/2023:15:23:38 +0900] "GET /StudyJSP/jsp09_dbcp/DbcpInsertForm HTTP/1.1" 200 362
192.168.5.14 - - [12/Apr/2023:15:23:38 +0900] "GET /favicon.ico HTTP/1.1" 404 818
192.168.5.17 - - [12/Apr/2023:15:23:38 +0900] "GET /StudyJSP/jsp09_dbcp/DbcpInsertPro HTTP/1.1" 405 825
192.168.5.17 - - [12/Apr/2023:15:23:38 +0900] "GET /favicon.ico HTTP/1.1" 404 818
192.168.5.21 - - [12/Apr/2023:15:23:40 +0900] "GET /StudyJSP/jsp09_dbcp/main HTTP/1.1" 404 839
192.168.5.12 - - [12/Apr/2023:15:23:47 +0900] "GET /studyJSP/jsp09_dbcp/DbcpInsertForm HTTP/1.1" 404 849
192.168.5.6 - - [12/Apr/2023:15:23:47 +0900] "GET /StudyJSP/jsp09_dbcp/DbcpInsertForm HTTP/1.1" 200 362
192.168.5.12 - - [12/Apr/2023:15:23:49 +0900] "GET /studyJSP/jsp09_dbcp/DbcpInsertForm HTTP/1.1" 404 849
192.168.5.19 - - [12/Apr/2023:15:23:50 +0900] "GET /StudyJSP/jsp09_dbcp/Dbcp_InsertForm HTTP/1.1" 404 850
192.168.5.21 - - [12/Apr/2023:15:23:51 +0900] "GET /StudyJSP/jsp09_dbcp HTTP/1.1" 302 -
192.168.5.21 - - [12/Apr/2023:15:23:51 +0900] "GET /StudyJSP/jsp09_dbcp/ HTTP/1.1" 404 835
192.168.5.6 - - [12/Apr/2023:15:23:52 +0900] "POST /StudyJSP/jsp09_dbcp/DbcpInsertPro HTTP/1.1" 200 -
192.168.5.2 - - [12/Apr/2023:15:23:52 +0900] "GET /studyJSP/jsp09_dbcp/DbcpInsertForm HTTP/1.1" 404 849
192.168.5.9 - - [12/Apr/2023:15:23:53 +0900] "POST /StudyJSP/jsp09_dbcp/DbcpInsertPro HTTP/1.1" 200 -
192.168.5.10 - - [12/Apr/2023:15:23:56 +0900] "GET /StudyJSP/jsp09_dbcp/DbcpInsertForm HTTP/1.1" 200 362
192.168.5.7 - - [12/Apr/2023:15:24:02 +0900] "GET /StudyJSP/jsp09_dbcp/DbcpInsertForm HTTP/1.1" 200 362
192.168.5.21 - - [12/Apr/2023:15:24:02 +0900] "GET /StudyJSP/jsp09_dbcp HTTP/1.1" 302 -
192.168.5.21 - - [12/Apr/2023:15:24:02 +0900] "GET /StudyJSP/jsp09_dbcp/ HTTP/1.1" 404 835
192.168.5.13 - - [12/Apr/2023:15:24:02 +0900] "GET /StudyJSP/jsp09_dbcp/insert_form.jsp HTTP/1.1" 200 362
192.168.5.13 - - [12/Apr/2023:15:24:02 +0900] "GET /favicon.ico HTTP/1.1" 404 818
192.168.5.3 - - [12/Apr/2023:15:24:04 +0900] "GET /StudyJSP/jsp09_dbcp/insert_form.jsp HTTP/1.1" 200 362
192.168.5.26 - - [12/Apr/2023:15:24:04 +0900] "GET /StudyJSP/jsp09_dbcp/DbcpInsertForm HTTP/1.1" 200 362
192.168.5.13 - - [12/Apr/2023:15:24:04 +0900] "POST /StudyJSP/jsp09_dbcp/DbcpInsertPro HTTP/1.1" 200 -
192.168.5.26 - - [12/Apr/2023:15:24:04 +0900] "GET /favicon.ico HTTP/1.1" 404 818
192.168.5.17 - - [12/Apr/2023:15:24:06 +0900] "GET /StudyJSP/jsp09_dbcp/insert_form.jsp HTTP/1.1" 200 362
192.168.5.12 - - [12/Apr/2023:15:24:06 +0900] "GET /studyJSP/jsp09_dbcp/DbcpInsertForm HTTP/1.1" 404 849
192.168.5.7 - - [12/Apr/2023:15:24:07 +0900] "POST /StudyJSP/jsp09_dbcp/DbcpInsertPro HTTP/1.1" 200 -
192.168.5.15 - - [12/Apr/2023:15:24:08 +0900] "GET /StudyJSP/jsp09_dbcp/insert_form.jsp HTTP/1.1" 200 362
192.168.5.15 - - [12/Apr/2023:15:24:08 +0900] "GET /favicon.ico HTTP/1.1" 404 818
192.168.5.13 - - [12/Apr/2023:15:24:09 +0900] "POST /StudyJSP/jsp09_dbcp/DbcpInsertPro HTTP/1.1" 200 -
192.168.5.21 - - [12/Apr/2023:15:24:10 +0900] "GET /StudyJSP/jsp09_dbcp/ HTTP/1.1" 404 835
192.168.5.10 - - [12/Apr/2023:15:24:11 +0900] "POST /StudyJSP/jsp09_dbcp/DbcpInsertPro HTTP/1.1" 200 -
192.168.5.19 - - [12/Apr/2023:15:24:12 +0900] "GET /StudyJSP/jsp09_dbcp/Dbcp_InsertForm.jsp HTTP/1.1" 404 826
192.168.5.15 - - [12/Apr/2023:15:24:13 +0900] "POST /StudyJSP/jsp09_dbcp/DbcpInsertPro HTTP/1.1" 200 -
192.168.5.26 - - [12/Apr/2023:15:24:13 +0900] "POST /StudyJSP/jsp09_dbcp/DbcpInsertPro HTTP/1.1" 200 -
192.168.5.6 - - [12/Apr/2023:15:24:14 +0900] "POST /StudyJSP/jsp09_dbcp/DbcpInsertPro HTTP/1.1" 200 -
192.168.5.19 - - [12/Apr/2023:15:24:15 +0900] "GET /StudyJSP/jsp09_dbcp/Dbcp_InsertForm HTTP/1.1" 404 850
192.168.5.17 - - [12/Apr/2023:15:24:15 +0900] "POST /StudyJSP/jsp09_dbcp/DbcpInsertPro HTTP/1.1" 200 -
192.168.5.31 - - [12/Apr/2023:15:24:16 +0900] "GET /StudyJSP/jsp09_dbcp/DBcp_InsertPro HTTP/1.1" 404 849
192.168.5.31 - - [12/Apr/2023:15:24:16 +0900] "GET /favicon.ico HTTP/1.1" 404 818
192.168.5.15 - - [12/Apr/2023:15:24:17 +0900] "POST /StudyJSP/jsp09_dbcp/DbcpInsertPro HTTP/1.1" 200 -
192.168.5.19 - - [12/Apr/2023:15:24:17 +0900] "GET /StudyJSP/jsp09_dbcp/Dbcp_InsertForm HTTP/1.1" 404 850
192.168.5.3 - - [12/Apr/2023:15:24:18 +0900] "GET /StudyJSP/jsp09_dbcp/insert_form.jsp HTTP/1.1" 200 362
192.168.5.7 - - [12/Apr/2023:15:24:18 +0900] "POST /StudyJSP/jsp09_dbcp/DbcpInsertPro HTTP/1.1" 200 -
192.168.5.15 - - [12/Apr/2023:15:24:18 +0900] "POST /StudyJSP/jsp09_dbcp/DbcpInsertPro HTTP/1.1" 200 -
192.168.5.6 - - [12/Apr/2023:15:24:19 +0900] "POST /StudyJSP/jsp09_dbcp/DbcpInsertPro HTTP/1.1" 200 -
192.168.5.30 - - [12/Apr/2023:15:24:19 +0900] "GET /StudyJSP/jsp09_dbcp/Dbcp_InsertPro HTTP/1.1" 404 849
192.168.5.30 - - [12/Apr/2023:15:24:19 +0900] "GET /favicon.ico HTTP/1.1" 404 818
192.168.5.17 - - [12/Apr/2023:15:24:19 +0900] "POST /StudyJSP/jsp09_dbcp/DbcpInsertPro HTTP/1.1" 200 -
192.168.5.7 - - [12/Apr/2023:15:24:21 +0900] "POST /StudyJSP/jsp09_dbcp/DbcpInsertPro HTTP/1.1" 200 -
192.168.5.19 - - [12/Apr/2023:15:24:21 +0900] "GET /StudyJSP/jsp09_dbcp/Dbcp_InsertForm HTTP/1.1" 404 850
192.168.5.17 - - [12/Apr/2023:15:24:21 +0900] "POST /StudyJSP/jsp09_dbcp/DbcpInsertPro HTTP/1.1" 200 -
192.168.5.17 - - [12/Apr/2023:15:24:21 +0900] "POST /StudyJSP/jsp09_dbcp/DbcpInsertPro HTTP/1.1" 200 -
192.168.5.17 - - [12/Apr/2023:15:24:21 +0900] "POST /StudyJSP/jsp09_dbcp/DbcpInsertPro HTTP/1.1" 200 -
192.168.5.19 - - [12/Apr/2023:15:24:21 +0900] "GET /StudyJSP/jsp09_dbcp/Dbcp_InsertForm HTTP/1.1" 404 850
192.168.5.17 - - [12/Apr/2023:15:24:22 +0900] "POST /StudyJSP/jsp09_dbcp/DbcpInsertPro HTTP/1.1" 200 -
192.168.5.17 - - [12/Apr/2023:15:24:22 +0900] "POST /StudyJSP/jsp09_dbcp/DbcpInsertPro HTTP/1.1" 200 -
192.168.5.19 - - [12/Apr/2023:15:24:22 +0900] "GET /StudyJSP/jsp09_dbcp/Dbcp_InsertForm HTTP/1.1" 404 850
192.168.5.19 - - [12/Apr/2023:15:24:22 +0900] "GET /StudyJSP/jsp09_dbcp/Dbcp_InsertForm HTTP/1.1" 404 850
192.168.5.17 - - [12/Apr/2023:15:24:22 +0900] "POST /StudyJSP/jsp09_dbcp/DbcpInsertPro HTTP/1.1" 200 -
192.168.5.17 - - [12/Apr/2023:15:24:24 +0900] "POST /StudyJSP/jsp09_dbcp/DbcpInsertPro HTTP/1.1" 200 -
192.168.5.6 - - [12/Apr/2023:15:24:25 +0900] "POST /StudyJSP/jsp09_dbcp/DbcpInsertPro HTTP/1.1" 200 -
192.168.5.2 - - [12/Apr/2023:15:24:26 +0900] "GET /studyJSP/jsp09_dbcp/DbcpInsertForm HTTP/1.1" 404 849
192.168.5.7 - - [12/Apr/2023:15:24:26 +0900] "POST /StudyJSP/jsp09_dbcp/DbcpInsertPro HTTP/1.1" 200 -
192.168.5.17 - - [12/Apr/2023:15:24:26 +0900] "POST /StudyJSP/jsp09_dbcp/DbcpInsertPro HTTP/1.1" 200 -
192.168.5.3 - - [12/Apr/2023:15:24:26 +0900] "POST /StudyJSP/jsp09_dbcp/DbcpInsertPro HTTP/1.1" 200 -
192.168.5.17 - - [12/Apr/2023:15:24:26 +0900] "POST /StudyJSP/jsp09_dbcp/DbcpInsertPro HTTP/1.1" 200 -
192.168.5.17 - - [12/Apr/2023:15:24:26 +0900] "POST /StudyJSP/jsp09_dbcp/DbcpInsertPro HTTP/1.1" 200 -
192.168.5.17 - - [12/Apr/2023:15:24:26 +0900] "POST /StudyJSP/jsp09_dbcp/DbcpInsertPro HTTP/1.1" 200 -
192.168.5.17 - - [12/Apr/2023:15:24:26 +0900] "POST /StudyJSP/jsp09_dbcp/DbcpInsertPro HTTP/1.1" 200 -
192.168.5.17 - - [12/Apr/2023:15:24:27 +0900] "POST /StudyJSP/jsp09_dbcp/DbcpInsertPro HTTP/1.1" 200 -
192.168.5.17 - - [12/Apr/2023:15:24:27 +0900] "POST /StudyJSP/jsp09_dbcp/DbcpInsertPro HTTP/1.1" 200 -
192.168.5.17 - - [12/Apr/2023:15:24:27 +0900] "POST /StudyJSP/jsp09_dbcp/DbcpInsertPro HTTP/1.1" 200 -
192.168.5.17 - - [12/Apr/2023:15:24:28 +0900] "POST /StudyJSP/jsp09_dbcp/DbcpInsertPro HTTP/1.1" 200 -
192.168.5.7 - - [12/Apr/2023:15:24:28 +0900] "POST /StudyJSP/jsp09_dbcp/DbcpInsertPro HTTP/1.1" 200 -
192.168.5.17 - - [12/Apr/2023:15:24:28 +0900] "POST /StudyJSP/jsp09_dbcp/DbcpInsertPro HTTP/1.1" 200 -
192.168.5.2 - - [12/Apr/2023:15:24:28 +0900] "GET /studyJSP/jsp09_dbcp/DbcpInsertForm HTTP/1.1" 404 849
192.168.5.2 - - [12/Apr/2023:15:24:29 +0900] "GET /studyJSP/jsp09_dbcp/DbcpInsertForm HTTP/1.1" 404 849
192.168.5.17 - - [12/Apr/2023:15:24:29 +0900] "POST /StudyJSP/jsp09_dbcp/DbcpInsertPro HTTP/1.1" 200 -
192.168.5.2 - - [12/Apr/2023:15:24:29 +0900] "GET /studyJSP/jsp09_dbcp/DbcpInsertForm HTTP/1.1" 404 849
192.168.5.2 - - [12/Apr/2023:15:24:29 +0900] "GET /studyJSP/jsp09_dbcp/DbcpInsertForm HTTP/1.1" 404 849
192.168.5.7 - - [12/Apr/2023:15:24:30 +0900] "POST /StudyJSP/jsp09_dbcp/DbcpInsertPro HTTP/1.1" 200 -
192.168.5.7 - - [12/Apr/2023:15:24:32 +0900] "POST /StudyJSP/jsp09_dbcp/DbcpInsertPro HTTP/1.1" 200 -
192.168.5.7 - - [12/Apr/2023:15:24:34 +0900] "POST /StudyJSP/jsp09_dbcp/DbcpInsertPro HTTP/1.1" 200 -
192.168.5.19 - - [12/Apr/2023:15:24:34 +0900] "GET /StudyJSP/jsp09_dbcp/main.jsp HTTP/1.1" 200 309
192.168.5.14 - - [12/Apr/2023:15:24:34 +0900] "GET /StudyJSP/jsp09_dbcp/DbcpInsertForm HTTP/1.1" 200 362
192.168.5.19 - - [12/Apr/2023:15:24:37 +0900] "GET /StudyJSP/jsp09_dbcp/DbcpInsertForm HTTP/1.1" 200 362
192.168.5.17 - - [12/Apr/2023:15:24:38 +0900] "POST /StudyJSP/jsp09_dbcp/DbcpInsertPro HTTP/1.1" 200 -
192.168.5.17 - - [12/Apr/2023:15:24:38 +0900] "POST /StudyJSP/jsp09_dbcp/DbcpInsertPro HTTP/1.1" 200 -
192.168.5.17 - - [12/Apr/2023:15:24:38 +0900] "POST /StudyJSP/jsp09_dbcp/DbcpInsertPro HTTP/1.1" 200 -
192.168.5.17 - - [12/Apr/2023:15:24:38 +0900] "POST /StudyJSP/jsp09_dbcp/DbcpInsertPro HTTP/1.1" 200 -
192.168.5.19 - - [12/Apr/2023:15:24:39 +0900] "POST /StudyJSP/jsp09_dbcp/DbcpInsertPro HTTP/1.1" 200 -
192.168.5.17 - - [12/Apr/2023:15:24:39 +0900] "POST /StudyJSP/jsp09_dbcp/DbcpInsertPro HTTP/1.1" 200 -
192.168.5.17 - - [12/Apr/2023:15:24:39 +0900] "POST /StudyJSP/jsp09_dbcp/DbcpInsertPro HTTP/1.1" 200 -
192.168.5.17 - - [12/Apr/2023:15:24:40 +0900] "POST /StudyJSP/jsp09_dbcp/DbcpInsertPro HTTP/1.1" 200 -
192.168.5.19 - - [12/Apr/2023:15:24:41 +0900] "POST /StudyJSP/jsp09_dbcp/DbcpInsertPro HTTP/1.1" 200 -
192.168.5.19 - - [12/Apr/2023:15:24:45 +0900] "POST /StudyJSP/jsp09_dbcp/DbcpInsertPro HTTP/1.1" 200 -
192.168.5.27 - - [12/Apr/2023:15:24:45 +0900] "GET /StudyJSP/jsp09_dbcp/main.jsp HTTP/1.1" 200 309
192.168.5.19 - - [12/Apr/2023:15:24:45 +0900] "POST /StudyJSP/jsp09_dbcp/DbcpInsertPro HTTP/1.1" 200 -
192.168.5.27 - - [12/Apr/2023:15:24:45 +0900] "GET /favicon.ico HTTP/1.1" 404 818
192.168.5.19 - - [12/Apr/2023:15:24:46 +0900] "POST /StudyJSP/jsp09_dbcp/DbcpInsertPro HTTP/1.1" 200 -
192.168.5.19 - - [12/Apr/2023:15:24:46 +0900] "POST /StudyJSP/jsp09_dbcp/DbcpInsertPro HTTP/1.1" 200 -
192.168.5.19 - - [12/Apr/2023:15:24:46 +0900] "POST /StudyJSP/jsp09_dbcp/DbcpInsertPro HTTP/1.1" 200 -
192.168.5.19 - - [12/Apr/2023:15:24:46 +0900] "POST /StudyJSP/jsp09_dbcp/DbcpInsertPro HTTP/1.1" 200 -
192.168.5.19 - - [12/Apr/2023:15:24:46 +0900] "POST /StudyJSP/jsp09_dbcp/DbcpInsertPro HTTP/1.1" 200 -
192.168.5.19 - - [12/Apr/2023:15:24:47 +0900] "POST /StudyJSP/jsp09_dbcp/DbcpInsertPro HTTP/1.1" 200 -
192.168.5.19 - - [12/Apr/2023:15:24:47 +0900] "POST /StudyJSP/jsp09_dbcp/DbcpInsertPro HTTP/1.1" 200 -
192.168.5.19 - - [12/Apr/2023:15:24:47 +0900] "POST /StudyJSP/jsp09_dbcp/DbcpInsertPro HTTP/1.1" 200 -
192.168.5.19 - - [12/Apr/2023:15:24:47 +0900] "POST /StudyJSP/jsp09_dbcp/DbcpInsertPro HTTP/1.1" 200 -
192.168.5.14 - - [12/Apr/2023:15:24:47 +0900] "POST /StudyJSP/jsp09_dbcp/DbcpInsertPro HTTP/1.1" 200 -
192.168.5.17 - - [12/Apr/2023:15:24:48 +0900] "POST /StudyJSP/jsp09_dbcp/DbcpInsertPro HTTP/1.1" 200 -
192.168.5.17 - - [12/Apr/2023:15:24:48 +0900] "POST /StudyJSP/jsp09_dbcp/DbcpInsertPro HTTP/1.1" 200 -
192.168.5.19 - - [12/Apr/2023:15:24:48 +0900] "POST /StudyJSP/jsp09_dbcp/DbcpInsertPro HTTP/1.1" 200 -
192.168.5.19 - - [12/Apr/2023:15:24:48 +0900] "POST /StudyJSP/jsp09_dbcp/DbcpInsertPro HTTP/1.1" 200 -
192.168.5.19 - - [12/Apr/2023:15:24:48 +0900] "POST /StudyJSP/jsp09_dbcp/DbcpInsertPro HTTP/1.1" 200 -
192.168.5.17 - - [12/Apr/2023:15:24:48 +0900] "POST /StudyJSP/jsp09_dbcp/DbcpInsertPro HTTP/1.1" 200 -
192.168.5.19 - - [12/Apr/2023:15:24:48 +0900] "POST /StudyJSP/jsp09_dbcp/DbcpInsertPro HTTP/1.1" 200 -
192.168.5.17 - - [12/Apr/2023:15:24:49 +0900] "POST /StudyJSP/jsp09_dbcp/DbcpInsertPro HTTP/1.1" 200 -
192.168.5.19 - - [12/Apr/2023:15:24:49 +0900] "POST /StudyJSP/jsp09_dbcp/DbcpInsertPro HTTP/1.1" 200 -
192.168.5.17 - - [12/Apr/2023:15:24:49 +0900] "POST /StudyJSP/jsp09_dbcp/DbcpInsertPro HTTP/1.1" 200 -
192.168.5.19 - - [12/Apr/2023:15:24:49 +0900] "POST /StudyJSP/jsp09_dbcp/DbcpInsertPro HTTP/1.1" 200 -
192.168.5.17 - - [12/Apr/2023:15:24:49 +0900] "POST /StudyJSP/jsp09_dbcp/DbcpInsertPro HTTP/1.1" 200 -
192.168.5.19 - - [12/Apr/2023:15:24:49 +0900] "POST /StudyJSP/jsp09_dbcp/DbcpInsertPro HTTP/1.1" 200 -
192.168.5.17 - - [12/Apr/2023:15:24:49 +0900] "POST /StudyJSP/jsp09_dbcp/DbcpInsertPro HTTP/1.1" 200 -
192.168.5.19 - - [12/Apr/2023:15:24:49 +0900] "POST /StudyJSP/jsp09_dbcp/DbcpInsertPro HTTP/1.1" 200 -
192.168.5.17 - - [12/Apr/2023:15:24:50 +0900] "POST /StudyJSP/jsp09_dbcp/DbcpInsertPro HTTP/1.1" 200 -
192.168.5.27 - - [12/Apr/2023:15:24:51 +0900] "GET /StudyJSP/jsp09_dbcp/DbcpInsertForm HTTP/1.1" 200 362
192.168.5.21 - - [12/Apr/2023:15:24:53 +0900] "GET /StudyJSP/jsp09_dbcp/DbcpInsertPro HTTP/1.1" 405 825
192.168.5.14 - - [12/Apr/2023:15:24:54 +0900] "POST /StudyJSP/jsp09_dbcp/DbcpInsertPro HTTP/1.1" 200 -
192.168.5.27 - - [12/Apr/2023:15:24:56 +0900] "POST /StudyJSP/jsp09_dbcp/DbcpInsertPro HTTP/1.1" 200 -
192.168.5.7 - - [12/Apr/2023:15:24:57 +0900] "GET /StudyJSP/jsp09_dbcp/DbcpInsertPro HTTP/1.1" 405 825
192.168.5.27 - - [12/Apr/2023:15:24:58 +0900] "POST /StudyJSP/jsp09_dbcp/DbcpInsertPro HTTP/1.1" 200 -
192.168.5.27 - - [12/Apr/2023:15:24:58 +0900] "POST /StudyJSP/jsp09_dbcp/DbcpInsertPro HTTP/1.1" 200 -
192.168.5.31 - - [12/Apr/2023:15:24:59 +0900] "GET /StudyJSP/ HTTP/1.1" 200 147
192.168.5.27 - - [12/Apr/2023:15:24:59 +0900] "POST /StudyJSP/jsp09_dbcp/DbcpInsertPro HTTP/1.1" 200 -
192.168.5.27 - - [12/Apr/2023:15:24:59 +0900] "POST /StudyJSP/jsp09_dbcp/DbcpInsertPro HTTP/1.1" 200 -
192.168.5.27 - - [12/Apr/2023:15:24:59 +0900] "POST /StudyJSP/jsp09_dbcp/DbcpInsertPro HTTP/1.1" 200 -
192.168.5.3 - - [12/Apr/2023:15:25:02 +0900] "POST /StudyJSP/jsp09_dbcp/DbcpInsertPro HTTP/1.1" 200 -
192.168.5.27 - - [12/Apr/2023:15:25:04 +0900] "POST /StudyJSP/jsp09_dbcp/DbcpInsertPro HTTP/1.1" 200 -
192.168.5.27 - - [12/Apr/2023:15:25:05 +0900] "POST /StudyJSP/jsp09_dbcp/DbcpInsertPro HTTP/1.1" 200 -
192.168.5.27 - - [12/Apr/2023:15:25:05 +0900] "POST /StudyJSP/jsp09_dbcp/DbcpInsertPro HTTP/1.1" 200 -
192.168.5.27 - - [12/Apr/2023:15:25:06 +0900] "POST /StudyJSP/jsp09_dbcp/DbcpInsertPro HTTP/1.1" 200 -
192.168.5.21 - - [12/Apr/2023:15:25:06 +0900] "GET /StudyJSP/jsp09_dbcp/DbcpInsertPro HTTP/1.1" 405 825
192.168.5.27 - - [12/Apr/2023:15:25:07 +0900] "POST /StudyJSP/jsp09_dbcp/DbcpInsertPro HTTP/1.1" 200 -
192.168.5.2 - - [12/Apr/2023:15:25:07 +0900] "GET /studyJSP/jsp09_dbcp/DbcpInsertPro HTTP/1.1" 404 848
192.168.5.7 - - [12/Apr/2023:15:25:08 +0900] "GET /StudyJSP/jsp09_dbcp/DbcpInsertForm HTTP/1.1" 200 362
192.168.5.21 - - [12/Apr/2023:15:25:08 +0900] "GET /StudyJSP/jsp09_dbcp/DbcpInsertPro HTTP/1.1" 405 825
192.168.5.19 - - [12/Apr/2023:15:25:08 +0900] "POST /StudyJSP/jsp09_dbcp/DbcpInsertPro HTTP/1.1" 200 -
192.168.5.19 - - [12/Apr/2023:15:25:08 +0900] "POST /StudyJSP/jsp09_dbcp/DbcpInsertPro HTTP/1.1" 200 -
192.168.5.21 - - [12/Apr/2023:15:25:09 +0900] "GET /StudyJSP/jsp09_dbcp/DbcpInsertPro HTTP/1.1" 405 825
192.168.5.19 - - [12/Apr/2023:15:25:09 +0900] "POST /StudyJSP/jsp09_dbcp/DbcpInsertPro HTTP/1.1" 200 -
192.168.5.21 - - [12/Apr/2023:15:25:09 +0900] "GET /StudyJSP/jsp09_dbcp/DbcpInsertPro HTTP/1.1" 405 825
192.168.5.19 - - [12/Apr/2023:15:25:09 +0900] "POST /StudyJSP/jsp09_dbcp/DbcpInsertPro HTTP/1.1" 200 -
192.168.5.21 - - [12/Apr/2023:15:25:09 +0900] "GET /StudyJSP/jsp09_dbcp/DbcpInsertPro HTTP/1.1" 405 825
192.168.5.27 - - [12/Apr/2023:15:25:09 +0900] "POST /StudyJSP/jsp09_dbcp/DbcpInsertPro HTTP/1.1" 200 -
192.168.5.19 - - [12/Apr/2023:15:25:09 +0900] "POST /StudyJSP/jsp09_dbcp/DbcpInsertPro HTTP/1.1" 200 -
192.168.5.19 - - [12/Apr/2023:15:25:09 +0900] "POST /StudyJSP/jsp09_dbcp/DbcpInsertPro HTTP/1.1" 200 -
192.168.5.27 - - [12/Apr/2023:15:25:09 +0900] "POST /StudyJSP/jsp09_dbcp/DbcpInsertPro HTTP/1.1" 200 -
192.168.5.19 - - [12/Apr/2023:15:25:10 +0900] "POST /StudyJSP/jsp09_dbcp/DbcpInsertPro HTTP/1.1" 200 -
192.168.5.27 - - [12/Apr/2023:15:25:10 +0900] "POST /StudyJSP/jsp09_dbcp/DbcpInsertPro HTTP/1.1" 200 -
192.168.5.19 - - [12/Apr/2023:15:25:10 +0900] "POST /StudyJSP/jsp09_dbcp/DbcpInsertPro HTTP/1.1" 200 -
192.168.5.27 - - [12/Apr/2023:15:25:10 +0900] "POST /StudyJSP/jsp09_dbcp/DbcpInsertPro HTTP/1.1" 200 -
192.168.5.27 - - [12/Apr/2023:15:25:10 +0900] "POST /StudyJSP/jsp09_dbcp/DbcpInsertPro HTTP/1.1" 200 -
192.168.5.27 - - [12/Apr/2023:15:25:10 +0900] "POST /StudyJSP/jsp09_dbcp/DbcpInsertPro HTTP/1.1" 200 -
192.168.5.27 - - [12/Apr/2023:15:25:10 +0900] "POST /StudyJSP/jsp09_dbcp/DbcpInsertPro HTTP/1.1" 200 -
192.168.5.27 - - [12/Apr/2023:15:25:11 +0900] "POST /StudyJSP/jsp09_dbcp/DbcpInsertPro HTTP/1.1" 200 -
192.168.5.27 - - [12/Apr/2023:15:25:11 +0900] "POST /StudyJSP/jsp09_dbcp/DbcpInsertPro HTTP/1.1" 200 -
192.168.5.27 - - [12/Apr/2023:15:25:11 +0900] "POST /StudyJSP/jsp09_dbcp/DbcpInsertPro HTTP/1.1" 200 -
192.168.5.27 - - [12/Apr/2023:15:25:11 +0900] "POST /StudyJSP/jsp09_dbcp/DbcpInsertPro HTTP/1.1" 200 -
192.168.5.27 - - [12/Apr/2023:15:25:11 +0900] "POST /StudyJSP/jsp09_dbcp/DbcpInsertPro HTTP/1.1" 200 -
192.168.5.27 - - [12/Apr/2023:15:25:12 +0900] "POST /StudyJSP/jsp09_dbcp/DbcpInsertPro HTTP/1.1" 200 -
192.168.5.27 - - [12/Apr/2023:15:25:12 +0900] "POST /StudyJSP/jsp09_dbcp/DbcpInsertPro HTTP/1.1" 200 -
192.168.5.27 - - [12/Apr/2023:15:25:12 +0900] "POST /StudyJSP/jsp09_dbcp/DbcpInsertPro HTTP/1.1" 200 -
192.168.5.27 - - [12/Apr/2023:15:25:12 +0900] "POST /StudyJSP/jsp09_dbcp/DbcpInsertPro HTTP/1.1" 200 -
192.168.5.27 - - [12/Apr/2023:15:25:12 +0900] "POST /StudyJSP/jsp09_dbcp/DbcpInsertPro HTTP/1.1" 200 -
192.168.5.27 - - [12/Apr/2023:15:25:12 +0900] "POST /StudyJSP/jsp09_dbcp/DbcpInsertPro HTTP/1.1" 200 -
192.168.5.27 - - [12/Apr/2023:15:25:13 +0900] "POST /StudyJSP/jsp09_dbcp/DbcpInsertPro HTTP/1.1" 200 -
192.168.5.19 - - [12/Apr/2023:15:25:13 +0900] "POST /StudyJSP/jsp09_dbcp/DbcpInsertPro HTTP/1.1" 200 -
192.168.5.27 - - [12/Apr/2023:15:25:13 +0900] "POST /StudyJSP/jsp09_dbcp/DbcpInsertPro HTTP/1.1" 200 -
192.168.5.19 - - [12/Apr/2023:15:25:13 +0900] "POST /StudyJSP/jsp09_dbcp/DbcpInsertPro HTTP/1.1" 200 -
192.168.5.27 - - [12/Apr/2023:15:25:13 +0900] "POST /StudyJSP/jsp09_dbcp/DbcpInsertPro HTTP/1.1" 200 -
192.168.5.19 - - [12/Apr/2023:15:25:13 +0900] "POST /StudyJSP/jsp09_dbcp/DbcpInsertPro HTTP/1.1" 200 -
192.168.5.27 - - [12/Apr/2023:15:25:13 +0900] "POST /StudyJSP/jsp09_dbcp/DbcpInsertPro HTTP/1.1" 200 -
192.168.5.19 - - [12/Apr/2023:15:25:13 +0900] "POST /StudyJSP/jsp09_dbcp/DbcpInsertPro HTTP/1.1" 200 -
192.168.5.27 - - [12/Apr/2023:15:25:14 +0900] "POST /StudyJSP/jsp09_dbcp/DbcpInsertPro HTTP/1.1" 200 -
192.168.5.19 - - [12/Apr/2023:15:25:14 +0900] "POST /StudyJSP/jsp09_dbcp/DbcpInsertPro HTTP/1.1" 200 -
192.168.5.27 - - [12/Apr/2023:15:25:14 +0900] "POST /StudyJSP/jsp09_dbcp/DbcpInsertPro HTTP/1.1" 200 -
192.168.5.19 - - [12/Apr/2023:15:25:14 +0900] "POST /StudyJSP/jsp09_dbcp/DbcpInsertPro HTTP/1.1" 200 -
192.168.5.27 - - [12/Apr/2023:15:25:14 +0900] "POST /StudyJSP/jsp09_dbcp/DbcpInsertPro HTTP/1.1" 200 -
192.168.5.7 - - [12/Apr/2023:15:25:14 +0900] "POST /StudyJSP/jsp09_dbcp/DbcpInsertPro HTTP/1.1" 200 -
192.168.5.19 - - [12/Apr/2023:15:25:14 +0900] "POST /StudyJSP/jsp09_dbcp/DbcpInsertPro HTTP/1.1" 200 -
192.168.5.27 - - [12/Apr/2023:15:25:14 +0900] "POST /StudyJSP/jsp09_dbcp/DbcpInsertPro HTTP/1.1" 200 -
192.168.5.19 - - [12/Apr/2023:15:25:14 +0900] "POST /StudyJSP/jsp09_dbcp/DbcpInsertPro HTTP/1.1" 200 -
192.168.5.27 - - [12/Apr/2023:15:25:14 +0900] "POST /StudyJSP/jsp09_dbcp/DbcpInsertPro HTTP/1.1" 200 -
192.168.5.19 - - [12/Apr/2023:15:25:14 +0900] "POST /StudyJSP/jsp09_dbcp/DbcpInsertPro HTTP/1.1" 200 -
192.168.5.27 - - [12/Apr/2023:15:25:14 +0900] "POST /StudyJSP/jsp09_dbcp/DbcpInsertPro HTTP/1.1" 200 -
192.168.5.19 - - [12/Apr/2023:15:25:14 +0900] "POST /StudyJSP/jsp09_dbcp/DbcpInsertPro HTTP/1.1" 200 -
192.168.5.27 - - [12/Apr/2023:15:25:15 +0900] "POST /StudyJSP/jsp09_dbcp/DbcpInsertPro HTTP/1.1" 200 -
192.168.5.19 - - [12/Apr/2023:15:25:15 +0900] "POST /StudyJSP/jsp09_dbcp/DbcpInsertPro HTTP/1.1" 200 -
192.168.5.27 - - [12/Apr/2023:15:25:15 +0900] "POST /StudyJSP/jsp09_dbcp/DbcpInsertPro HTTP/1.1" 200 -
192.168.5.19 - - [12/Apr/2023:15:25:15 +0900] "POST /StudyJSP/jsp09_dbcp/DbcpInsertPro HTTP/1.1" 200 -
192.168.5.27 - - [12/Apr/2023:15:25:15 +0900] "POST /StudyJSP/jsp09_dbcp/DbcpInsertPro HTTP/1.1" 200 -
192.168.5.19 - - [12/Apr/2023:15:25:15 +0900] "POST /StudyJSP/jsp09_dbcp/DbcpInsertPro HTTP/1.1" 200 -
192.168.5.27 - - [12/Apr/2023:15:25:15 +0900] "POST /StudyJSP/jsp09_dbcp/DbcpInsertPro HTTP/1.1" 200 -
192.168.5.19 - - [12/Apr/2023:15:25:15 +0900] "POST /StudyJSP/jsp09_dbcp/DbcpInsertPro HTTP/1.1" 200 -
192.168.5.27 - - [12/Apr/2023:15:25:15 +0900] "POST /StudyJSP/jsp09_dbcp/DbcpInsertPro HTTP/1.1" 200 -
192.168.5.19 - - [12/Apr/2023:15:25:15 +0900] "POST /StudyJSP/jsp09_dbcp/DbcpInsertPro HTTP/1.1" 200 -
192.168.5.27 - - [12/Apr/2023:15:25:16 +0900] "POST /StudyJSP/jsp09_dbcp/DbcpInsertPro HTTP/1.1" 200 -
192.168.5.19 - - [12/Apr/2023:15:25:16 +0900] "POST /StudyJSP/jsp09_dbcp/DbcpInsertPro HTTP/1.1" 200 -
192.168.5.27 - - [12/Apr/2023:15:25:16 +0900] "POST /StudyJSP/jsp09_dbcp/DbcpInsertPro HTTP/1.1" 200 -
192.168.5.19 - - [12/Apr/2023:15:25:16 +0900] "POST /StudyJSP/jsp09_dbcp/DbcpInsertPro HTTP/1.1" 200 -
192.168.5.27 - - [12/Apr/2023:15:25:16 +0900] "POST /StudyJSP/jsp09_dbcp/DbcpInsertPro HTTP/1.1" 200 -
192.168.5.19 - - [12/Apr/2023:15:25:16 +0900] "POST /StudyJSP/jsp09_dbcp/DbcpInsertPro HTTP/1.1" 200 -
192.168.5.27 - - [12/Apr/2023:15:25:16 +0900] "POST /StudyJSP/jsp09_dbcp/DbcpInsertPro HTTP/1.1" 200 -
192.168.5.27 - - [12/Apr/2023:15:25:16 +0900] "POST /StudyJSP/jsp09_dbcp/DbcpInsertPro HTTP/1.1" 200 -
192.168.5.7 - - [12/Apr/2023:15:25:16 +0900] "POST /StudyJSP/jsp09_dbcp/DbcpInsertPro HTTP/1.1" 200 -
192.168.5.27 - - [12/Apr/2023:15:25:16 +0900] "POST /StudyJSP/jsp09_dbcp/DbcpInsertPro HTTP/1.1" 200 -
192.168.5.27 - - [12/Apr/2023:15:25:17 +0900] "POST /StudyJSP/jsp09_dbcp/DbcpInsertPro HTTP/1.1" 200 -
192.168.5.27 - - [12/Apr/2023:15:25:17 +0900] "POST /StudyJSP/jsp09_dbcp/DbcpInsertPro HTTP/1.1" 200 -
192.168.5.27 - - [12/Apr/2023:15:25:17 +0900] "POST /StudyJSP/jsp09_dbcp/DbcpInsertPro HTTP/1.1" 200 -
192.168.5.17 - - [12/Apr/2023:15:25:17 +0900] "POST /StudyJSP/jsp09_dbcp/DbcpInsertPro HTTP/1.1" 200 -
192.168.5.27 - - [12/Apr/2023:15:25:17 +0900] "POST /StudyJSP/jsp09_dbcp/DbcpInsertPro HTTP/1.1" 200 -
192.168.5.27 - - [12/Apr/2023:15:25:18 +0900] "POST /StudyJSP/jsp09_dbcp/DbcpInsertPro HTTP/1.1" 200 -
192.168.5.19 - - [12/Apr/2023:15:25:18 +0900] "POST /StudyJSP/jsp09_dbcp/DbcpInsertPro HTTP/1.1" 200 -
192.168.5.27 - - [12/Apr/2023:15:25:18 +0900] "POST /StudyJSP/jsp09_dbcp/DbcpInsertPro HTTP/1.1" 200 -
192.168.5.17 - - [12/Apr/2023:15:25:18 +0900] "POST /StudyJSP/jsp09_dbcp/DbcpInsertPro HTTP/1.1" 200 -
192.168.5.19 - - [12/Apr/2023:15:25:18 +0900] "POST /StudyJSP/jsp09_dbcp/DbcpInsertPro HTTP/1.1" 200 -
192.168.5.27 - - [12/Apr/2023:15:25:18 +0900] "POST /StudyJSP/jsp09_dbcp/DbcpInsertPro HTTP/1.1" 200 -
192.168.5.19 - - [12/Apr/2023:15:25:18 +0900] "POST /StudyJSP/jsp09_dbcp/DbcpInsertPro HTTP/1.1" 200 -
192.168.5.17 - - [12/Apr/2023:15:25:18 +0900] "POST /StudyJSP/jsp09_dbcp/DbcpInsertPro HTTP/1.1" 200 -
192.168.5.27 - - [12/Apr/2023:15:25:18 +0900] "POST /StudyJSP/jsp09_dbcp/DbcpInsertPro HTTP/1.1" 200 -
192.168.5.7 - - [12/Apr/2023:15:25:18 +0900] "POST /StudyJSP/jsp09_dbcp/DbcpInsertPro HTTP/1.1" 200 -
192.168.5.19 - - [12/Apr/2023:15:25:18 +0900] "POST /StudyJSP/jsp09_dbcp/DbcpInsertPro HTTP/1.1" 200 -
192.168.5.27 - - [12/Apr/2023:15:25:18 +0900] "POST /StudyJSP/jsp09_dbcp/DbcpInsertPro HTTP/1.1" 200 -
192.168.5.17 - - [12/Apr/2023:15:25:18 +0900] "POST /StudyJSP/jsp09_dbcp/DbcpInsertPro HTTP/1.1" 200 -
192.168.5.19 - - [12/Apr/2023:15:25:18 +0900] "POST /StudyJSP/jsp09_dbcp/DbcpInsertPro HTTP/1.1" 200 -
192.168.5.27 - - [12/Apr/2023:15:25:18 +0900] "POST /StudyJSP/jsp09_dbcp/DbcpInsertPro HTTP/1.1" 200 -
192.168.5.17 - - [12/Apr/2023:15:25:19 +0900] "POST /StudyJSP/jsp09_dbcp/DbcpInsertPro HTTP/1.1" 200 -
192.168.5.19 - - [12/Apr/2023:15:25:19 +0900] "POST /StudyJSP/jsp09_dbcp/DbcpInsertPro HTTP/1.1" 200 -
192.168.5.26 - - [12/Apr/2023:15:25:19 +0900] "POST /StudyJSP/jsp09_dbcp/DbcpInsertPro HTTP/1.1" 200 -
192.168.5.27 - - [12/Apr/2023:15:25:19 +0900] "POST /StudyJSP/jsp09_dbcp/DbcpInsertPro HTTP/1.1" 200 -
192.168.5.19 - - [12/Apr/2023:15:25:19 +0900] "POST /StudyJSP/jsp09_dbcp/DbcpInsertPro HTTP/1.1" 200 -
192.168.5.17 - - [12/Apr/2023:15:25:19 +0900] "POST /StudyJSP/jsp09_dbcp/DbcpInsertPro HTTP/1.1" 200 -
192.168.5.27 - - [12/Apr/2023:15:25:19 +0900] "POST /StudyJSP/jsp09_dbcp/DbcpInsertPro HTTP/1.1" 200 -
192.168.5.26 - - [12/Apr/2023:15:25:19 +0900] "POST /StudyJSP/jsp09_dbcp/DbcpInsertPro HTTP/1.1" 200 -
192.168.5.17 - - [12/Apr/2023:15:25:19 +0900] "POST /StudyJSP/jsp09_dbcp/DbcpInsertPro HTTP/1.1" 200 -
192.168.5.27 - - [12/Apr/2023:15:25:19 +0900] "POST /StudyJSP/jsp09_dbcp/DbcpInsertPro HTTP/1.1" 200 -
192.168.5.19 - - [12/Apr/2023:15:25:19 +0900] "POST /StudyJSP/jsp09_dbcp/DbcpInsertPro HTTP/1.1" 200 -
192.168.5.17 - - [12/Apr/2023:15:25:19 +0900] "POST /StudyJSP/jsp09_dbcp/DbcpInsertPro HTTP/1.1" 200 -
192.168.5.26 - - [12/Apr/2023:15:25:19 +0900] "POST /StudyJSP/jsp09_dbcp/DbcpInsertPro HTTP/1.1" 200 -
192.168.5.27 - - [12/Apr/2023:15:25:19 +0900] "POST /StudyJSP/jsp09_dbcp/DbcpInsertPro HTTP/1.1" 200 -
192.168.5.19 - - [12/Apr/2023:15:25:19 +0900] "POST /StudyJSP/jsp09_dbcp/DbcpInsertPro HTTP/1.1" 200 -
192.168.5.17 - - [12/Apr/2023:15:25:19 +0900] "POST /StudyJSP/jsp09_dbcp/DbcpInsertPro HTTP/1.1" 200 -
192.168.5.27 - - [12/Apr/2023:15:25:19 +0900] "POST /StudyJSP/jsp09_dbcp/DbcpInsertPro HTTP/1.1" 200 -
192.168.5.17 - - [12/Apr/2023:15:25:19 +0900] "POST /StudyJSP/jsp09_dbcp/DbcpInsertPro HTTP/1.1" 200 -
192.168.5.19 - - [12/Apr/2023:15:25:19 +0900] "POST /StudyJSP/jsp09_dbcp/DbcpInsertPro HTTP/1.1" 200 -
192.168.5.26 - - [12/Apr/2023:15:25:19 +0900] "POST /StudyJSP/jsp09_dbcp/DbcpInsertPro HTTP/1.1" 200 -
192.168.5.27 - - [12/Apr/2023:15:25:19 +0900] "POST /StudyJSP/jsp09_dbcp/DbcpInsertPro HTTP/1.1" 200 -
192.168.5.19 - - [12/Apr/2023:15:25:20 +0900] "POST /StudyJSP/jsp09_dbcp/DbcpInsertPro HTTP/1.1" 200 -
192.168.5.26 - - [12/Apr/2023:15:25:20 +0900] "POST /StudyJSP/jsp09_dbcp/DbcpInsertPro HTTP/1.1" 200 -
192.168.5.17 - - [12/Apr/2023:15:25:20 +0900] "POST /StudyJSP/jsp09_dbcp/DbcpInsertPro HTTP/1.1" 200 -
192.168.5.30 - - [12/Apr/2023:15:25:20 +0900] "GET /StudyJSP/jsp09_dbcp/Dbcp_InsertPro HTTP/1.1" 404 849
192.168.5.27 - - [12/Apr/2023:15:25:20 +0900] "POST /StudyJSP/jsp09_dbcp/DbcpInsertPro HTTP/1.1" 200 -
192.168.5.19 - - [12/Apr/2023:15:25:20 +0900] "POST /StudyJSP/jsp09_dbcp/DbcpInsertPro HTTP/1.1" 200 -
192.168.5.26 - - [12/Apr/2023:15:25:20 +0900] "POST /StudyJSP/jsp09_dbcp/DbcpInsertPro HTTP/1.1" 200 -
192.168.5.17 - - [12/Apr/2023:15:25:20 +0900] "POST /StudyJSP/jsp09_dbcp/DbcpInsertPro HTTP/1.1" 200 -
192.168.5.27 - - [12/Apr/2023:15:25:20 +0900] "POST /StudyJSP/jsp09_dbcp/DbcpInsertPro HTTP/1.1" 200 -
192.168.5.13 - - [12/Apr/2023:15:25:20 +0900] "GET /StudyJSP/jsp09_dbcp/insert_form.jsp HTTP/1.1" 200 362
192.168.5.19 - - [12/Apr/2023:15:25:20 +0900] "POST /StudyJSP/jsp09_dbcp/DbcpInsertPro HTTP/1.1" 200 -
192.168.5.17 - - [12/Apr/2023:15:25:20 +0900] "POST /StudyJSP/jsp09_dbcp/DbcpInsertPro HTTP/1.1" 200 -
192.168.5.27 - - [12/Apr/2023:15:25:20 +0900] "POST /StudyJSP/jsp09_dbcp/DbcpInsertPro HTTP/1.1" 200 -
192.168.5.19 - - [12/Apr/2023:15:25:20 +0900] "POST /StudyJSP/jsp09_dbcp/DbcpInsertPro HTTP/1.1" 200 -
192.168.5.17 - - [12/Apr/2023:15:25:20 +0900] "POST /StudyJSP/jsp09_dbcp/DbcpInsertPro HTTP/1.1" 200 -
192.168.5.26 - - [12/Apr/2023:15:25:20 +0900] "POST /StudyJSP/jsp09_dbcp/DbcpInsertPro HTTP/1.1" 200 -
192.168.5.27 - - [12/Apr/2023:15:25:20 +0900] "POST /StudyJSP/jsp09_dbcp/DbcpInsertPro HTTP/1.1" 200 -
192.168.5.26 - - [12/Apr/2023:15:25:20 +0900] "POST /StudyJSP/jsp09_dbcp/DbcpInsertPro HTTP/1.1" 200 -
192.168.5.17 - - [12/Apr/2023:15:25:20 +0900] "POST /StudyJSP/jsp09_dbcp/DbcpInsertPro HTTP/1.1" 200 -
192.168.5.19 - - [12/Apr/2023:15:25:20 +0900] "POST /StudyJSP/jsp09_dbcp/DbcpInsertPro HTTP/1.1" 200 -
192.168.5.27 - - [12/Apr/2023:15:25:20 +0900] "POST /StudyJSP/jsp09_dbcp/DbcpInsertPro HTTP/1.1" 200 -
192.168.5.26 - - [12/Apr/2023:15:25:20 +0900] "POST /StudyJSP/jsp09_dbcp/DbcpInsertPro HTTP/1.1" 200 -
192.168.5.19 - - [12/Apr/2023:15:25:20 +0900] "POST /StudyJSP/jsp09_dbcp/DbcpInsertPro HTTP/1.1" 200 -
192.168.5.17 - - [12/Apr/2023:15:25:20 +0900] "POST /StudyJSP/jsp09_dbcp/DbcpInsertPro HTTP/1.1" 200 -
192.168.5.27 - - [12/Apr/2023:15:25:20 +0900] "POST /StudyJSP/jsp09_dbcp/DbcpInsertPro HTTP/1.1" 200 -
192.168.5.17 - - [12/Apr/2023:15:25:21 +0900] "POST /StudyJSP/jsp09_dbcp/DbcpInsertPro HTTP/1.1" 200 -
192.168.5.19 - - [12/Apr/2023:15:25:21 +0900] "POST /StudyJSP/jsp09_dbcp/DbcpInsertPro HTTP/1.1" 200 -
192.168.5.27 - - [12/Apr/2023:15:25:21 +0900] "POST /StudyJSP/jsp09_dbcp/DbcpInsertPro HTTP/1.1" 200 -
192.168.5.26 - - [12/Apr/2023:15:25:21 +0900] "POST /StudyJSP/jsp09_dbcp/DbcpInsertPro HTTP/1.1" 200 -
192.168.5.17 - - [12/Apr/2023:15:25:21 +0900] "POST /StudyJSP/jsp09_dbcp/DbcpInsertPro HTTP/1.1" 200 -
192.168.5.19 - - [12/Apr/2023:15:25:21 +0900] "POST /StudyJSP/jsp09_dbcp/DbcpInsertPro HTTP/1.1" 200 -
192.168.5.26 - - [12/Apr/2023:15:25:21 +0900] "POST /StudyJSP/jsp09_dbcp/DbcpInsertPro HTTP/1.1" 200 -
192.168.5.27 - - [12/Apr/2023:15:25:21 +0900] "POST /StudyJSP/jsp09_dbcp/DbcpInsertPro HTTP/1.1" 200 -
192.168.5.17 - - [12/Apr/2023:15:25:21 +0900] "POST /StudyJSP/jsp09_dbcp/DbcpInsertPro HTTP/1.1" 200 -
192.168.5.13 - - [12/Apr/2023:15:25:21 +0900] "GET /StudyJSP/jsp09_dbcp/insert_form.jsp HTTP/1.1" 200 362
192.168.5.26 - - [12/Apr/2023:15:25:21 +0900] "POST /StudyJSP/jsp09_dbcp/DbcpInsertPro HTTP/1.1" 200 -
192.168.5.19 - - [12/Apr/2023:15:25:21 +0900] "POST /StudyJSP/jsp09_dbcp/DbcpInsertPro HTTP/1.1" 200 -
192.168.5.27 - - [12/Apr/2023:15:25:21 +0900] "POST /StudyJSP/jsp09_dbcp/DbcpInsertPro HTTP/1.1" 200 -
192.168.5.17 - - [12/Apr/2023:15:25:21 +0900] "POST /StudyJSP/jsp09_dbcp/DbcpInsertPro HTTP/1.1" 200 -
192.168.5.13 - - [12/Apr/2023:15:25:21 +0900] "GET /StudyJSP/jsp09_dbcp/insert_form.jsp HTTP/1.1" 200 362
192.168.5.26 - - [12/Apr/2023:15:25:21 +0900] "POST /StudyJSP/jsp09_dbcp/DbcpInsertPro HTTP/1.1" 200 -
192.168.5.19 - - [12/Apr/2023:15:25:21 +0900] "POST /StudyJSP/jsp09_dbcp/DbcpInsertPro HTTP/1.1" 200 -
192.168.5.27 - - [12/Apr/2023:15:25:21 +0900] "POST /StudyJSP/jsp09_dbcp/DbcpInsertPro HTTP/1.1" 200 -
192.168.5.17 - - [12/Apr/2023:15:25:21 +0900] "POST /StudyJSP/jsp09_dbcp/DbcpInsertPro HTTP/1.1" 200 -
192.168.5.13 - - [12/Apr/2023:15:25:21 +0900] "GET /StudyJSP/jsp09_dbcp/insert_form.jsp HTTP/1.1" 200 362
192.168.5.26 - - [12/Apr/2023:15:25:21 +0900] "POST /StudyJSP/jsp09_dbcp/DbcpInsertPro HTTP/1.1" 200 -
192.168.5.27 - - [12/Apr/2023:15:25:21 +0900] "POST /StudyJSP/jsp09_dbcp/DbcpInsertPro HTTP/1.1" 200 -
192.168.5.17 - - [12/Apr/2023:15:25:21 +0900] "POST /StudyJSP/jsp09_dbcp/DbcpInsertPro HTTP/1.1" 200 -
192.168.5.13 - - [12/Apr/2023:15:25:21 +0900] "GET /StudyJSP/jsp09_dbcp/insert_form.jsp HTTP/1.1" 200 362
192.168.5.19 - - [12/Apr/2023:15:25:21 +0900] "POST /StudyJSP/jsp09_dbcp/DbcpInsertPro HTTP/1.1" 200 -
192.168.5.27 - - [12/Apr/2023:15:25:22 +0900] "POST /StudyJSP/jsp09_dbcp/DbcpInsertPro HTTP/1.1" 200 -
192.168.5.19 - - [12/Apr/2023:15:25:22 +0900] "POST /StudyJSP/jsp09_dbcp/DbcpInsertPro HTTP/1.1" 200 -
192.168.5.17 - - [12/Apr/2023:15:25:22 +0900] "POST /StudyJSP/jsp09_dbcp/DbcpInsertPro HTTP/1.1" 200 -
192.168.5.30 - - [12/Apr/2023:15:25:22 +0900] "GET /StudyJSP/jsp09_dbcp/Dbcp_InsertPro HTTP/1.1" 404 849
192.168.5.26 - - [12/Apr/2023:15:25:22 +0900] "POST /StudyJSP/jsp09_dbcp/DbcpInsertPro HTTP/1.1" 200 -
192.168.5.27 - - [12/Apr/2023:15:25:22 +0900] "POST /StudyJSP/jsp09_dbcp/DbcpInsertPro HTTP/1.1" 200 -
192.168.5.13 - - [12/Apr/2023:15:25:22 +0900] "GET /StudyJSP/jsp09_dbcp/insert_form.jsp HTTP/1.1" 200 362
192.168.5.19 - - [12/Apr/2023:15:25:22 +0900] "POST /StudyJSP/jsp09_dbcp/DbcpInsertPro HTTP/1.1" 200 -
192.168.5.27 - - [12/Apr/2023:15:25:22 +0900] "POST /StudyJSP/jsp09_dbcp/DbcpInsertPro HTTP/1.1" 200 -
192.168.5.26 - - [12/Apr/2023:15:25:22 +0900] "POST /StudyJSP/jsp09_dbcp/DbcpInsertPro HTTP/1.1" 200 -
192.168.5.17 - - [12/Apr/2023:15:25:22 +0900] "POST /StudyJSP/jsp09_dbcp/DbcpInsertPro HTTP/1.1" 200 -
192.168.5.19 - - [12/Apr/2023:15:25:22 +0900] "POST /StudyJSP/jsp09_dbcp/DbcpInsertPro HTTP/1.1" 200 -
192.168.5.27 - - [12/Apr/2023:15:25:22 +0900] "POST /StudyJSP/jsp09_dbcp/DbcpInsertPro HTTP/1.1" 200 -
192.168.5.26 - - [12/Apr/2023:15:25:22 +0900] "POST /StudyJSP/jsp09_dbcp/DbcpInsertPro HTTP/1.1" 200 -
192.168.5.19 - - [12/Apr/2023:15:25:22 +0900] "POST /StudyJSP/jsp09_dbcp/DbcpInsertPro HTTP/1.1" 200 -
192.168.5.27 - - [12/Apr/2023:15:25:22 +0900] "POST /StudyJSP/jsp09_dbcp/DbcpInsertPro HTTP/1.1" 200 -
192.168.5.26 - - [12/Apr/2023:15:25:22 +0900] "POST /StudyJSP/jsp09_dbcp/DbcpInsertPro HTTP/1.1" 200 -
192.168.5.19 - - [12/Apr/2023:15:25:22 +0900] "POST /StudyJSP/jsp09_dbcp/DbcpInsertPro HTTP/1.1" 200 -
192.168.5.27 - - [12/Apr/2023:15:25:22 +0900] "POST /StudyJSP/jsp09_dbcp/DbcpInsertPro HTTP/1.1" 200 -
192.168.5.26 - - [12/Apr/2023:15:25:22 +0900] "POST /StudyJSP/jsp09_dbcp/DbcpInsertPro HTTP/1.1" 200 -
192.168.5.30 - - [12/Apr/2023:15:25:22 +0900] "GET /StudyJSP/jsp09_dbcp/Dbcp_InsertPro HTTP/1.1" 404 849
192.168.5.19 - - [12/Apr/2023:15:25:23 +0900] "POST /StudyJSP/jsp09_dbcp/DbcpInsertPro HTTP/1.1" 200 -
192.168.5.27 - - [12/Apr/2023:15:25:23 +0900] "POST /StudyJSP/jsp09_dbcp/DbcpInsertPro HTTP/1.1" 200 -
192.168.5.19 - - [12/Apr/2023:15:25:23 +0900] "POST /StudyJSP/jsp09_dbcp/DbcpInsertPro HTTP/1.1" 200 -
192.168.5.27 - - [12/Apr/2023:15:25:23 +0900] "POST /StudyJSP/jsp09_dbcp/DbcpInsertPro HTTP/1.1" 200 -
192.168.5.26 - - [12/Apr/2023:15:25:23 +0900] "POST /StudyJSP/jsp09_dbcp/DbcpInsertPro HTTP/1.1" 200 -
192.168.5.19 - - [12/Apr/2023:15:25:23 +0900] "POST /StudyJSP/jsp09_dbcp/DbcpInsertPro HTTP/1.1" 200 -
192.168.5.27 - - [12/Apr/2023:15:25:23 +0900] "POST /StudyJSP/jsp09_dbcp/DbcpInsertPro HTTP/1.1" 200 -
192.168.5.19 - - [12/Apr/2023:15:25:23 +0900] "POST /StudyJSP/jsp09_dbcp/DbcpInsertPro HTTP/1.1" 200 -
192.168.5.27 - - [12/Apr/2023:15:25:23 +0900] "POST /StudyJSP/jsp09_dbcp/DbcpInsertPro HTTP/1.1" 200 -
192.168.5.27 - - [12/Apr/2023:15:25:23 +0900] "POST /StudyJSP/jsp09_dbcp/DbcpInsertPro HTTP/1.1" 200 -
192.168.5.19 - - [12/Apr/2023:15:25:23 +0900] "POST /StudyJSP/jsp09_dbcp/DbcpInsertPro HTTP/1.1" 200 -
192.168.5.27 - - [12/Apr/2023:15:25:23 +0900] "POST /StudyJSP/jsp09_dbcp/DbcpInsertPro HTTP/1.1" 200 -
192.168.5.19 - - [12/Apr/2023:15:25:23 +0900] "POST /StudyJSP/jsp09_dbcp/DbcpInsertPro HTTP/1.1" 200 -
192.168.5.27 - - [12/Apr/2023:15:25:24 +0900] "POST /StudyJSP/jsp09_dbcp/DbcpInsertPro HTTP/1.1" 200 -
192.168.5.19 - - [12/Apr/2023:15:25:24 +0900] "POST /StudyJSP/jsp09_dbcp/DbcpInsertPro HTTP/1.1" 200 -
192.168.5.27 - - [12/Apr/2023:15:25:24 +0900] "POST /StudyJSP/jsp09_dbcp/DbcpInsertPro HTTP/1.1" 200 -
192.168.5.27 - - [12/Apr/2023:15:25:24 +0900] "POST /StudyJSP/jsp09_dbcp/DbcpInsertPro HTTP/1.1" 200 -
192.168.5.27 - - [12/Apr/2023:15:25:24 +0900] "POST /StudyJSP/jsp09_dbcp/DbcpInsertPro HTTP/1.1" 200 -
192.168.5.27 - - [12/Apr/2023:15:25:24 +0900] "POST /StudyJSP/jsp09_dbcp/DbcpInsertPro HTTP/1.1" 200 -
192.168.5.27 - - [12/Apr/2023:15:25:25 +0900] "POST /StudyJSP/jsp09_dbcp/DbcpInsertPro HTTP/1.1" 200 -
192.168.5.10 - - [12/Apr/2023:15:25:25 +0900] "POST /StudyJSP/jsp09_dbcp/DbcpInsertPro HTTP/1.1" 200 -
192.168.5.27 - - [12/Apr/2023:15:25:25 +0900] "POST /StudyJSP/jsp09_dbcp/DbcpInsertPro HTTP/1.1" 200 -
192.168.5.27 - - [12/Apr/2023:15:25:25 +0900] "POST /StudyJSP/jsp09_dbcp/DbcpInsertPro HTTP/1.1" 200 -
192.168.5.27 - - [12/Apr/2023:15:25:25 +0900] "POST /StudyJSP/jsp09_dbcp/DbcpInsertPro HTTP/1.1" 200 -
192.168.5.31 - - [12/Apr/2023:15:25:28 +0900] "GET /StudyJSP/jsp09_dbcp/main.jsp HTTP/1.1" 200 309
192.168.5.31 - - [12/Apr/2023:15:25:30 +0900] "GET /StudyJSP/jsp09_dbcp/DbcpInsertForm HTTP/1.1" 200 362
192.168.5.19 - - [12/Apr/2023:15:25:30 +0900] "POST /StudyJSP/jsp09_dbcp/DbcpInsertPro HTTP/1.1" 200 -
192.168.5.19 - - [12/Apr/2023:15:25:31 +0900] "POST /StudyJSP/jsp09_dbcp/DbcpInsertPro HTTP/1.1" 200 -
192.168.5.30 - - [12/Apr/2023:15:25:31 +0900] "GET /StudyJSP/jsp09_dbcp/Dbcp_InsertPro HTTP/1.1" 404 849
192.168.5.19 - - [12/Apr/2023:15:25:32 +0900] "POST /StudyJSP/jsp09_dbcp/DbcpInsertPro HTTP/1.1" 200 -
192.168.5.19 - - [12/Apr/2023:15:25:32 +0900] "POST /StudyJSP/jsp09_dbcp/DbcpInsertPro HTTP/1.1" 200 -
192.168.5.2 - - [12/Apr/2023:15:25:32 +0900] "GET /studyJSP/jsp09_dbcp/main.jsp HTTP/1.1" 404 828
192.168.5.19 - - [12/Apr/2023:15:25:32 +0900] "POST /StudyJSP/jsp09_dbcp/DbcpInsertPro HTTP/1.1" 200 -
192.168.5.19 - - [12/Apr/2023:15:25:32 +0900] "POST /StudyJSP/jsp09_dbcp/DbcpInsertPro HTTP/1.1" 200 -
192.168.5.19 - - [12/Apr/2023:15:25:32 +0900] "POST /StudyJSP/jsp09_dbcp/DbcpInsertPro HTTP/1.1" 200 -
192.168.5.19 - - [12/Apr/2023:15:25:32 +0900] "POST /StudyJSP/jsp09_dbcp/DbcpInsertPro HTTP/1.1" 200 -
192.168.5.19 - - [12/Apr/2023:15:25:33 +0900] "POST /StudyJSP/jsp09_dbcp/DbcpInsertPro HTTP/1.1" 200 -
192.168.5.19 - - [12/Apr/2023:15:25:33 +0900] "POST /StudyJSP/jsp09_dbcp/DbcpInsertPro HTTP/1.1" 200 -
192.168.5.19 - - [12/Apr/2023:15:25:33 +0900] "POST /StudyJSP/jsp09_dbcp/DbcpInsertPro HTTP/1.1" 200 -
192.168.5.19 - - [12/Apr/2023:15:25:33 +0900] "POST /StudyJSP/jsp09_dbcp/DbcpInsertPro HTTP/1.1" 200 -
192.168.5.19 - - [12/Apr/2023:15:25:34 +0900] "POST /StudyJSP/jsp09_dbcp/DbcpInsertPro HTTP/1.1" 200 -
192.168.5.19 - - [12/Apr/2023:15:25:34 +0900] "POST /StudyJSP/jsp09_dbcp/DbcpInsertPro HTTP/1.1" 200 -
192.168.5.19 - - [12/Apr/2023:15:25:34 +0900] "POST /StudyJSP/jsp09_dbcp/DbcpInsertPro HTTP/1.1" 200 -
192.168.5.19 - - [12/Apr/2023:15:25:34 +0900] "POST /StudyJSP/jsp09_dbcp/DbcpInsertPro HTTP/1.1" 200 -
192.168.5.19 - - [12/Apr/2023:15:25:34 +0900] "POST /StudyJSP/jsp09_dbcp/DbcpInsertPro HTTP/1.1" 200 -
192.168.5.19 - - [12/Apr/2023:15:25:35 +0900] "POST /StudyJSP/jsp09_dbcp/DbcpInsertPro HTTP/1.1" 200 -
192.168.5.19 - - [12/Apr/2023:15:25:35 +0900] "POST /StudyJSP/jsp09_dbcp/DbcpInsertPro HTTP/1.1" 200 -
192.168.5.19 - - [12/Apr/2023:15:25:35 +0900] "POST /StudyJSP/jsp09_dbcp/DbcpInsertPro HTTP/1.1" 200 -
192.168.5.19 - - [12/Apr/2023:15:25:35 +0900] "POST /StudyJSP/jsp09_dbcp/DbcpInsertPro HTTP/1.1" 200 -
192.168.5.7 - - [12/Apr/2023:15:25:35 +0900] "POST /StudyJSP/jsp09_dbcp/DbcpInsertPro HTTP/1.1" 200 -
192.168.5.31 - - [12/Apr/2023:15:25:36 +0900] "POST /StudyJSP/jsp09_dbcp/DbcpInsertPro HTTP/1.1" 200 -
192.168.5.2 - - [12/Apr/2023:15:25:37 +0900] "GET /studyJSP/jsp09_dbcp/insert_form HTTP/1.1" 404 846
192.168.5.7 - - [12/Apr/2023:15:25:37 +0900] "POST /StudyJSP/jsp09_dbcp/DbcpInsertPro HTTP/1.1" 200 -
192.168.5.15 - - [12/Apr/2023:15:25:39 +0900] "POST /StudyJSP/jsp09_dbcp/DbcpInsertPro HTTP/1.1" 200 -
192.168.5.7 - - [12/Apr/2023:15:25:40 +0900] "POST /StudyJSP/jsp09_dbcp/DbcpInsertPro HTTP/1.1" 200 -
192.168.5.31 - - [12/Apr/2023:15:25:40 +0900] "POST /StudyJSP/jsp09_dbcp/DbcpInsertPro HTTP/1.1" 200 -
192.168.5.31 - - [12/Apr/2023:15:25:40 +0900] "POST /StudyJSP/jsp09_dbcp/DbcpInsertPro HTTP/1.1" 200 -
192.168.5.31 - - [12/Apr/2023:15:25:40 +0900] "POST /StudyJSP/jsp09_dbcp/DbcpInsertPro HTTP/1.1" 200 -
192.168.5.31 - - [12/Apr/2023:15:25:41 +0900] "POST /StudyJSP/jsp09_dbcp/DbcpInsertPro HTTP/1.1" 200 -
192.168.5.31 - - [12/Apr/2023:15:25:41 +0900] "POST /StudyJSP/jsp09_dbcp/DbcpInsertPro HTTP/1.1" 200 -
192.168.5.31 - - [12/Apr/2023:15:25:42 +0900] "POST /StudyJSP/jsp09_dbcp/DbcpInsertPro HTTP/1.1" 200 -
192.168.5.15 - - [12/Apr/2023:15:25:42 +0900] "POST /StudyJSP/jsp09_dbcp/DbcpInsertPro HTTP/1.1" 200 -
192.168.5.16 - - [12/Apr/2023:15:25:42 +0900] "GET /StudyJSP/jsp09_dbcp/DbcpInsertPro HTTP/1.1" 405 825
192.168.5.7 - - [12/Apr/2023:15:25:43 +0900] "POST /StudyJSP/jsp09_dbcp/DbcpInsertPro HTTP/1.1" 200 -
192.168.5.15 - - [12/Apr/2023:15:25:44 +0900] "POST /StudyJSP/jsp09_dbcp/DbcpInsertPro HTTP/1.1" 200 -
192.168.5.7 - - [12/Apr/2023:15:25:44 +0900] "POST /StudyJSP/jsp09_dbcp/DbcpInsertPro HTTP/1.1" 200 -
192.168.5.15 - - [12/Apr/2023:15:25:45 +0900] "POST /StudyJSP/jsp09_dbcp/DbcpInsertPro HTTP/1.1" 200 -
192.168.5.15 - - [12/Apr/2023:15:25:49 +0900] "POST /StudyJSP/jsp09_dbcp/DbcpInsertPro HTTP/1.1" 200 -
192.168.5.19 - - [12/Apr/2023:15:25:51 +0900] "POST /StudyJSP/jsp09_dbcp/DbcpInsertPro HTTP/1.1" 200 -
192.168.5.19 - - [12/Apr/2023:15:25:51 +0900] "POST /StudyJSP/jsp09_dbcp/DbcpInsertPro HTTP/1.1" 200 -
192.168.5.19 - - [12/Apr/2023:15:25:51 +0900] "POST /StudyJSP/jsp09_dbcp/DbcpInsertPro HTTP/1.1" 200 -
192.168.5.16 - - [12/Apr/2023:15:25:58 +0900] "GET /StudyJSP/jsp09_dbcp/DbcpInsertPro HTTP/1.1" 405 825
0:0:0:0:0:0:0:1 - - [12/Apr/2023:15:26:27 +0900] "GET /StudyJSP/jsp08_jdbc/JdbcConnectMain HTTP/1.1" 200 757
0:0:0:0:0:0:0:1 - - [12/Apr/2023:15:29:08 +0900] "GET /StudyJSP/jsp08_jdbc/JdbcConnect3_INSERT2_Form HTTP/1.1" 200 374
0:0:0:0:0:0:0:1 - - [12/Apr/2023:15:29:19 +0900] "POST /StudyJSP/jsp08_jdbc/JdbcConnect3_INSERT2_Pro HTTP/1.1" 302 -
0:0:0:0:0:0:0:1 - - [12/Apr/2023:15:29:19 +0900] "GET /StudyJSP/jsp08_jdbc/JdbcConnect3_SELECT HTTP/1.1" 200 -
0:0:0:0:0:0:0:1 - - [12/Apr/2023:15:29:52 +0900] "POST /StudyJSP/jsp08_jdbc/JdbcConnect3_INSERT2_Pro HTTP/1.1" 302 -
0:0:0:0:0:0:0:1 - - [12/Apr/2023:15:29:52 +0900] "GET /StudyJSP/jsp08_jdbc/JdbcConnect3_SELECT HTTP/1.1" 200 -
192.168.5.21 - - [12/Apr/2023:15:30:13 +0900] "GET /StudyJSP/jsp09_dbcp/main.jsp HTTP/1.1" 200 309
192.168.5.21 - - [12/Apr/2023:15:30:15 +0900] "GET /StudyJSP/jsp09_dbcp/DbcpInsertForm HTTP/1.1" 200 362
192.168.5.21 - - [12/Apr/2023:15:30:16 +0900] "POST /StudyJSP/jsp09_dbcp/DbcpInsertPro HTTP/1.1" 200 -
192.168.5.21 - - [12/Apr/2023:15:30:23 +0900] "POST /StudyJSP/jsp09_dbcp/DbcpInsertPro HTTP/1.1" 200 -
192.168.5.21 - - [12/Apr/2023:15:30:28 +0900] "POST /StudyJSP/jsp09_dbcp/DbcpInsertPro HTTP/1.1" 200 -
192.168.5.21 - - [12/Apr/2023:15:31:10 +0900] "POST /StudyJSP/jsp09_dbcp/DbcpInsertPro HTTP/1.1" 200 -
192.168.5.16 - - [12/Apr/2023:15:45:52 +0900] "GET /StudyJSP/jsp09_dbcp/DbcpInsertForm HTTP/1.1" 200 362
192.168.5.16 - - [12/Apr/2023:15:45:55 +0900] "GET /StudyJSP/jsp09_dbcp/DbcpInsertForm HTTP/1.1" 200 362
192.168.5.16 - - [12/Apr/2023:15:45:56 +0900] "GET /StudyJSP/jsp09_dbcp/DbcpInsertForm HTTP/1.1" 200 362
192.168.5.16 - - [12/Apr/2023:15:45:56 +0900] "GET /StudyJSP/jsp09_dbcp/DbcpInsertForm HTTP/1.1" 200 362
192.168.5.16 - - [12/Apr/2023:15:45:56 +0900] "GET /StudyJSP/jsp09_dbcp/DbcpInsertForm HTTP/1.1" 200 362
192.168.5.16 - - [12/Apr/2023:15:45:56 +0900] "GET /StudyJSP/jsp09_dbcp/DbcpInsertForm HTTP/1.1" 200 362
192.168.5.16 - - [12/Apr/2023:15:45:56 +0900] "GET /StudyJSP/jsp09_dbcp/DbcpInsertForm HTTP/1.1" 200 362
192.168.5.16 - - [12/Apr/2023:15:45:57 +0900] "GET /StudyJSP/jsp09_dbcp/DbcpInsertForm HTTP/1.1" 200 362
192.168.5.16 - - [12/Apr/2023:15:45:57 +0900] "GET /StudyJSP/jsp09_dbcp/DbcpInsertForm HTTP/1.1" 200 362
192.168.5.16 - - [12/Apr/2023:15:45:57 +0900] "GET /StudyJSP/jsp09_dbcp/DbcpInsertForm HTTP/1.1" 200 362
192.168.5.16 - - [12/Apr/2023:15:45:57 +0900] "GET /StudyJSP/jsp09_dbcp/DbcpInsertForm HTTP/1.1" 200 362
192.168.5.16 - - [12/Apr/2023:15:45:57 +0900] "GET /StudyJSP/jsp09_dbcp/DbcpInsertForm HTTP/1.1" 200 362
192.168.5.16 - - [12/Apr/2023:15:45:58 +0900] "GET /StudyJSP/jsp09_dbcp/DbcpInsertForm HTTP/1.1" 200 362
192.168.5.16 - - [12/Apr/2023:15:45:58 +0900] "GET /StudyJSP/jsp09_dbcp/DbcpInsertForm HTTP/1.1" 200 362
192.168.5.16 - - [12/Apr/2023:15:46:06 +0900] "POST /StudyJSP/jsp09_dbcp/DbcpInsertPro HTTP/1.1" 200 -
0:0:0:0:0:0:0:1 - - [12/Apr/2023:15:55:42 +0900] "GET /StudyJSP/jsp08_jdbc/JdbcConnectMain HTTP/1.1" 200 757
0:0:0:0:0:0:0:1 - - [12/Apr/2023:15:55:42 +0900] "GET /StudyJSP/jsp08_jdbc/JdbcConnectMain HTTP/1.1" 200 757
0:0:0:0:0:0:0:1 - - [12/Apr/2023:15:55:42 +0900] "GET /StudyJSP/jsp08_jdbc/JdbcConnectMain HTTP/1.1" 200 757
0:0:0:0:0:0:0:1 - - [12/Apr/2023:15:55:44 +0900] "GET /StudyJSP/jsp08_jdbc/JdbcConnect3_INSERT HTTP/1.1" 200 -
0:0:0:0:0:0:0:1 - - [12/Apr/2023:15:55:46 +0900] "GET /StudyJSP/jsp08_jdbc/JdbcConnect3_UPDATE HTTP/1.1" 200 -
0:0:0:0:0:0:0:1 - - [12/Apr/2023:15:55:48 +0900] "GET /StudyJSP/jsp08_jdbc/JdbcConnect3_DELETE HTTP/1.1" 200 -
0:0:0:0:0:0:0:1 - - [12/Apr/2023:15:55:50 +0900] "GET /StudyJSP/jsp08_jdbc/JdbcConnect3_SELECT HTTP/1.1" 200 -
